// Jest Snapshot v1, https://goo.gl/fbAQLP

exports[`file list with use defaults 1`] = `
Array [
  ".editorconfig",
  ".gitattributes",
  ".gitignore",
  "LICENSE",
  "README.md",
]
`;
